org.apache.cassandra.cql.jdbc.JdbcDecimal
org.apache.cassandra.db.marshal.AbstractType
org.apache.cassandra.db.marshal.AsciiType
org.apache.cassandra.db.marshal.BooleanType
org.apache.cassandra.db.marshal.BytesType
org.apache.cassandra.db.marshal.CompositeType
org.apache.cassandra.db.marshal.DateType
org.apache.cassandra.db.marshal.DecimalType
org.apache.cassandra.db.marshal.DoubleType
org.apache.cassandra.db.marshal.FloatType
org.apache.cassandra.db.marshal.IntegerType
org.apache.cassandra.db.marshal.ListType
org.apache.cassandra.db.marshal.LongType
org.apache.cassandra.db.marshal.MapType
org.apache.cassandra.db.marshal.SetType
org.apache.cassandra.db.marshal.TimeUUIDType
org.apache.cassandra.db.marshal.TypeParser
org.apache.cassandra.db.marshal.UTF8Type
org.apache.cassandra.db.marshal.UUIDType
org.apache.cassandra.dht.RandomPartitioner
org.apache.cassandra.service.CassandraDaemon
org.apache.cassandra.thrift.TBinaryProtocol
org.apache.cassandra.utils.ByteBufferUtil
org.apache.cassandra.utils.Pair
