org.apache.cassandra.cql.jdbc.AbstractJdbcType
org.apache.cassandra.cql.jdbc.JdbcDecimal
org.apache.cassandra.cql.jdbc.JdbcUTF8
org.apache.cassandra.db.marshal.AbstractCommutativeType
org.apache.cassandra.db.marshal.AbstractCompositeType
org.apache.cassandra.db.marshal.AbstractCompositeType$CompositeComponent
org.apache.cassandra.db.marshal.AbstractCompositeType$ParsedComparator
org.apache.cassandra.db.marshal.AbstractType
org.apache.cassandra.db.marshal.AbstractType$1
org.apache.cassandra.db.marshal.AbstractType$2
org.apache.cassandra.db.marshal.AbstractType$3
org.apache.cassandra.db.marshal.AbstractType$4
org.apache.cassandra.db.marshal.AbstractType$5
org.apache.cassandra.db.marshal.AbstractType$6
org.apache.cassandra.db.marshal.AsciiType
org.apache.cassandra.db.marshal.BooleanType
org.apache.cassandra.db.marshal.BytesType
org.apache.cassandra.db.marshal.CollectionType
org.apache.cassandra.db.marshal.CollectionType$Kind
org.apache.cassandra.db.marshal.ColumnToCollectionType
org.apache.cassandra.db.marshal.CompositeType
org.apache.cassandra.db.marshal.CompositeType$1
org.apache.cassandra.db.marshal.CompositeType$Builder
org.apache.cassandra.db.marshal.CompositeType$StaticParsedComparator
org.apache.cassandra.db.marshal.CounterColumnType
org.apache.cassandra.db.marshal.DateType
org.apache.cassandra.db.marshal.DecimalType
org.apache.cassandra.db.marshal.DoubleType
org.apache.cassandra.db.marshal.DynamicCompositeType
org.apache.cassandra.db.marshal.DynamicCompositeType$DynamicParsedComparator
org.apache.cassandra.db.marshal.DynamicCompositeType$FixedValueComparator
org.apache.cassandra.db.marshal.EmptyType
org.apache.cassandra.db.marshal.FloatType
org.apache.cassandra.db.marshal.InetAddressType
org.apache.cassandra.db.marshal.Int32Type
org.apache.cassandra.db.marshal.IntegerType
org.apache.cassandra.db.marshal.LexicalUUIDType
org.apache.cassandra.db.marshal.ListType
org.apache.cassandra.db.marshal.LocalByPartionerType
org.apache.cassandra.db.marshal.LongType
org.apache.cassandra.db.marshal.MapType
org.apache.cassandra.db.marshal.MarshalException
org.apache.cassandra.db.marshal.ReversedType
org.apache.cassandra.db.marshal.SetType
org.apache.cassandra.db.marshal.TimeUUIDType
org.apache.cassandra.db.marshal.TypeParser
org.apache.cassandra.db.marshal.UTF8Type
org.apache.cassandra.db.marshal.UTF8Type$1
org.apache.cassandra.db.marshal.UTF8Type$UTF8Validator
org.apache.cassandra.db.marshal.UTF8Type$UTF8Validator$State
org.apache.cassandra.db.marshal.UUIDType
org.apache.cassandra.dht.AbstractPartitioner
org.apache.cassandra.dht.BigIntegerToken
org.apache.cassandra.dht.IPartitioner
org.apache.cassandra.dht.LongToken
org.apache.cassandra.dht.Murmur3Partitioner
org.apache.cassandra.dht.RandomPartitioner
org.apache.cassandra.dht.RandomPartitioner$1
org.apache.cassandra.dht.RingPosition
org.apache.cassandra.dht.Token
org.apache.cassandra.dht.Token$TokenFactory
org.apache.cassandra.dht.Token$TokenSerializer
org.apache.cassandra.exceptions.CassandraException
org.apache.cassandra.exceptions.ConfigurationException
org.apache.cassandra.exceptions.RequestValidationException
org.apache.cassandra.exceptions.SyntaxException
org.apache.cassandra.io.ISerializer
org.apache.cassandra.service.CassandraDaemon
org.apache.cassandra.thrift.TBinaryProtocol
org.apache.cassandra.utils.ByteBufferUtil
org.apache.cassandra.utils.Pair
